\BOOKMARK [0][-]{chapter*.1}{\376\377\000A\000b\000s\000t\000r\000a\000c\000t}{}% 1
\BOOKMARK [0][-]{chapter*.2}{\376\377\000A\000c\000k\000n\000o\000w\000l\000e\000d\000g\000e\000m\000e\000n\000t}{}% 2
\BOOKMARK [0][-]{toc.0}{\376\377\000C\000o\000n\000t\000e\000n\000t\000s}{}% 3
\BOOKMARK [0][-]{chapter*.4}{\376\377\000L\000i\000s\000t\000\040\000o\000f\000\040\000F\000i\000g\000u\000r\000e\000s}{}% 4
\BOOKMARK [0][-]{chapter*.5}{\376\377\000L\000i\000s\000t\000\040\000o\000f\000\040\000T\000a\000b\000l\000e\000s}{}% 5
\BOOKMARK [0][-]{chapter.1}{\376\377\000I\000n\000t\000r\000o\000d\000u\000c\000t\000i\000o\000n}{}% 6
\BOOKMARK [1][-]{section.1.1}{\376\377\000T\000h\000e\000\040\000s\000e\000t\000t\000i\000n\000g}{chapter.1}% 7
\BOOKMARK [1][-]{section.1.2}{\376\377\000P\000r\000o\000b\000l\000e\000m\000\040\000s\000t\000a\000t\000e\000m\000e\000n\000t}{chapter.1}% 8
\BOOKMARK [1][-]{section.1.3}{\376\377\000T\000h\000e\000\040\000b\000a\000s\000e\000\040\000p\000a\000p\000e\000r}{chapter.1}% 9
\BOOKMARK [1][-]{section.1.4}{\376\377\000O\000b\000j\000e\000c\000t\000i\000v\000e\000s\000\040\000o\000f\000\040\000t\000h\000i\000s\000\040\000p\000r\000o\000j\000e\000c\000t}{chapter.1}% 10
\BOOKMARK [1][-]{section.1.5}{\376\377\000W\000h\000a\000t\000\040\000t\000h\000i\000s\000\040\000r\000e\000p\000o\000r\000t\000\040\000c\000o\000n\000t\000r\000i\000b\000u\000t\000e\000s\000\040\000b\000e\000y\000o\000n\000d\000\040\000t\000h\000e\000\040\000p\000a\000p\000e\000r}{chapter.1}% 11
\BOOKMARK [1][-]{section.1.6}{\376\377\000O\000r\000g\000a\000n\000i\000s\000a\000t\000i\000o\000n\000\040\000o\000f\000\040\000t\000h\000e\000\040\000r\000e\000p\000o\000r\000t}{chapter.1}% 12
\BOOKMARK [0][-]{chapter.2}{\376\377\000P\000r\000e\000l\000i\000m\000i\000n\000a\000r\000i\000e\000s}{}% 13
\BOOKMARK [1][-]{section.2.1}{\376\377\000O\000n\000e\000-\000w\000a\000y\000\040\000h\000a\000s\000h\000\040\000f\000u\000n\000c\000t\000i\000o\000n\000s}{chapter.2}% 14
\BOOKMARK [1][-]{section.2.2}{\376\377\000S\000y\000m\000m\000e\000t\000r\000i\000c\000\040\000v\000e\000r\000s\000u\000s\000\040\000a\000s\000y\000m\000m\000e\000t\000r\000i\000c\000\040\000e\000n\000c\000r\000y\000p\000t\000i\000o\000n}{chapter.2}% 15
\BOOKMARK [1][-]{section.2.3}{\376\377\000E\000l\000l\000i\000p\000t\000i\000c\000\040\000c\000u\000r\000v\000e\000\040\000c\000r\000y\000p\000t\000o\000g\000r\000a\000p\000h\000y}{chapter.2}% 16
\BOOKMARK [2][-]{subsection.2.3.1}{\376\377\000T\000h\000e\000\040\000p\000a\000p\000e\000r\000'\000s\000\040\000p\000e\000n\000t\000a\000t\000o\000p\000e\000\040\000e\000x\000t\000e\000n\000s\000i\000o\000n\000\040\000\050\000P\000E\000E\000C\000C\000\051}{section.2.3}% 17
\BOOKMARK [1][-]{section.2.4}{\376\377\000E\000C\000D\000H\000:\000\040\000a\000g\000r\000e\000e\000i\000n\000g\000\040\000o\000n\000\040\000a\000\040\000s\000e\000c\000r\000e\000t\000\040\000i\000n\000\040\000p\000u\000b\000l\000i\000c}{chapter.2}% 18
\BOOKMARK [1][-]{section.2.5}{\376\377\000N\000o\000n\000c\000e\000s\000,\000\040\000t\000i\000m\000e\000s\000t\000a\000m\000p\000s\000\040\000a\000n\000d\000\040\000t\000h\000e\000\040\000r\000e\000p\000l\000a\000y\000\040\000a\000t\000t\000a\000c\000k}{chapter.2}% 19
\BOOKMARK [1][-]{section.2.6}{\376\377\000M\000u\000t\000u\000a\000l\000\040\000a\000u\000t\000h\000e\000n\000t\000i\000c\000a\000t\000i\000o\000n}{chapter.2}% 20
\BOOKMARK [1][-]{section.2.7}{\376\377\000T\000h\000e\000\040\000D\000o\000l\000e\000v\040\023\000Y\000a\000o\000\040\000a\000d\000v\000e\000r\000s\000a\000r\000y}{chapter.2}% 21
\BOOKMARK [1][-]{section.2.8}{\376\377\000N\000o\000t\000a\000t\000i\000o\000n\000\040\000u\000s\000e\000d\000\040\000t\000h\000r\000o\000u\000g\000h\000o\000u\000t}{chapter.2}% 22
\BOOKMARK [0][-]{chapter.3}{\376\377\000T\000h\000e\000\040\000B\000a\000s\000e\000\040\000P\000r\000o\000t\000o\000c\000o\000l}{}% 23
\BOOKMARK [1][-]{section.3.1}{\376\377\000N\000e\000t\000w\000o\000r\000k\000\040\000m\000o\000d\000e\000l}{chapter.3}% 24
\BOOKMARK [1][-]{section.3.2}{\376\377\000O\000v\000e\000r\000v\000i\000e\000w\000\040\000o\000f\000\040\000t\000h\000e\000\040\000t\000h\000r\000e\000e\000\040\000p\000h\000a\000s\000e\000s}{chapter.3}% 25
\BOOKMARK [1][-]{section.3.3}{\376\377\000P\000h\000a\000s\000e\000\040\0001\000:\000\040\000S\000y\000s\000t\000e\000m\000\040\000i\000n\000i\000t\000i\000a\000l\000i\000s\000a\000t\000i\000o\000n}{chapter.3}% 26
\BOOKMARK [1][-]{section.3.4}{\376\377\000P\000h\000a\000s\000e\000\040\0002\000:\000\040\000R\000e\000g\000i\000s\000t\000r\000a\000t\000i\000o\000n}{chapter.3}% 27
\BOOKMARK [2][-]{subsection.3.4.1}{\376\377\000S\000t\000o\000r\000a\000g\000e\000\040\000c\000o\000s\000t\000\040\000o\000f\000\040\000t\000h\000e\000\040\000r\000e\000g\000i\000s\000t\000r\000a\000t\000i\000o\000n\000\040\000s\000e\000t}{section.3.4}% 28
\BOOKMARK [1][-]{section.3.5}{\376\377\000P\000h\000a\000s\000e\000\040\0003\000:\000\040\000M\000u\000t\000u\000a\000l\000\040\000a\000u\000t\000h\000e\000n\000t\000i\000c\000a\000t\000i\000o\000n}{chapter.3}% 29
\BOOKMARK [2][-]{subsection.3.5.1}{\376\377\000S\000t\000e\000p\000s\000\040\000i\000n\000\040\000w\000o\000r\000d\000s}{section.3.5}% 30
\BOOKMARK [1][-]{section.3.6}{\376\377\000A\000\040\000w\000o\000r\000k\000e\000d\000\040\000e\000x\000a\000m\000p\000l\000e\000:\000\040\000o\000n\000e\000\040\000m\000e\000s\000s\000a\000g\000e\000\040\000e\000n\000d\000\040\000t\000o\000\040\000e\000n\000d}{chapter.3}% 31
\BOOKMARK [2][-]{subsection.3.6.1}{\376\377\000W\000h\000e\000r\000e\000\040\000t\000h\000e\000\040\0002\0001\0001\0002\000\040\000b\000i\000t\000s\000\040\000c\000o\000m\000e\000\040\000f\000r\000o\000m}{section.3.6}% 32
\BOOKMARK [1][-]{section.3.7}{\376\377\000R\000e\000s\000i\000l\000i\000e\000n\000c\000e\000\040\000t\000h\000r\000o\000u\000g\000h\000\040\000f\000a\000l\000l\000b\000a\000c\000k\000\040\000p\000a\000t\000h\000s}{chapter.3}% 33
\BOOKMARK [1][-]{section.3.8}{\376\377\000L\000o\000n\000g\000-\000t\000e\000r\000m\000\040\000k\000e\000y\000\040\000m\000a\000n\000a\000g\000e\000m\000e\000n\000t}{chapter.3}% 34
\BOOKMARK [0][-]{chapter.4}{\376\377\000S\000e\000c\000u\000r\000i\000t\000y\000\040\000A\000n\000a\000l\000y\000s\000i\000s\000\040\000a\000n\000d\000\040\000P\000e\000r\000f\000o\000r\000m\000a\000n\000c\000e\000\040\000i\000n\000\040\000t\000h\000e\000\040\000B\000a\000s\000e\000\040\000P\000a\000p\000e\000r}{}% 35
\BOOKMARK [1][-]{section.4.1}{\376\377\000T\000h\000r\000e\000a\000t\000\040\000m\000o\000d\000e\000l}{chapter.4}% 36
\BOOKMARK [1][-]{section.4.2}{\376\377\000F\000o\000r\000m\000a\000l\000\040\000a\000n\000a\000l\000y\000s\000i\000s\000\040\000w\000i\000t\000h\000\040\000B\000A\000N\000\040\000l\000o\000g\000i\000c}{chapter.4}% 37
\BOOKMARK [2][-]{subsection.4.2.1}{\376\377\000N\000o\000t\000a\000t\000i\000o\000n}{section.4.2}% 38
\BOOKMARK [2][-]{subsection.4.2.2}{\376\377\000I\000n\000f\000e\000r\000e\000n\000c\000e\000\040\000r\000u\000l\000e\000s}{section.4.2}% 39
\BOOKMARK [2][-]{subsection.4.2.3}{\376\377\000G\000o\000a\000l\000s\000,\000\040\000a\000s\000s\000u\000m\000p\000t\000i\000o\000n\000s\000\040\000a\000n\000d\000\040\000t\000h\000e\000\040\000d\000e\000r\000i\000v\000a\000t\000i\000o\000n}{section.4.2}% 40
\BOOKMARK [1][-]{section.4.3}{\376\377\000I\000n\000f\000o\000r\000m\000a\000l\000\040\000s\000e\000c\000u\000r\000i\000t\000y\000\040\000p\000r\000o\000p\000o\000s\000i\000t\000i\000o\000n\000s}{chapter.4}% 41
\BOOKMARK [1][-]{section.4.4}{\376\377\000M\000a\000c\000h\000i\000n\000e\000\040\000v\000e\000r\000i\000f\000i\000c\000a\000t\000i\000o\000n\000\040\000w\000i\000t\000h\000\040\000S\000c\000y\000t\000h\000e\000r}{chapter.4}% 42
\BOOKMARK [1][-]{section.4.5}{\376\377\000P\000e\000r\000f\000o\000r\000m\000a\000n\000c\000e\000\040\000i\000n\000\040\000t\000h\000e\000\040\000b\000a\000s\000e\000\040\000p\000a\000p\000e\000r}{chapter.4}% 43
\BOOKMARK [2][-]{subsection.4.5.1}{\376\377\000E\000x\000p\000e\000r\000i\000m\000e\000n\000t\000a\000l\000\040\000s\000e\000t\000u\000p}{section.4.5}% 44
\BOOKMARK [2][-]{subsection.4.5.2}{\376\377\000C\000o\000m\000m\000u\000n\000i\000c\000a\000t\000i\000o\000n\000\040\000c\000o\000s\000t}{section.4.5}% 45
\BOOKMARK [2][-]{subsection.4.5.3}{\376\377\000C\000o\000m\000p\000u\000t\000a\000t\000i\000o\000n\000a\000l\000\040\000c\000o\000s\000t}{section.4.5}% 46
\BOOKMARK [2][-]{subsection.4.5.4}{\376\377\000E\000n\000e\000r\000g\000y\000\040\000p\000e\000r\000\040\000a\000u\000t\000h\000e\000n\000t\000i\000c\000a\000t\000i\000o\000n\000\040\000c\000y\000c\000l\000e}{section.4.5}% 47
\BOOKMARK [0][-]{chapter.5}{\376\377\000O\000u\000r\000\040\000I\000m\000p\000l\000e\000m\000e\000n\000t\000a\000t\000i\000o\000n}{}% 48
\BOOKMARK [1][-]{section.5.1}{\376\377\000D\000e\000l\000i\000v\000e\000r\000a\000b\000l\000e\000s}{chapter.5}% 49
\BOOKMARK [1][-]{section.5.2}{\376\377\000A\000r\000c\000h\000i\000t\000e\000c\000t\000u\000r\000e\000\040\000o\000f\000\040\000t\000h\000e\000\040\000s\000i\000m\000u\000l\000a\000t\000o\000r}{chapter.5}% 50
\BOOKMARK [1][-]{section.5.3}{\376\377\000N\000e\000t\000w\000o\000r\000k\000\040\000i\000n\000s\000t\000a\000n\000t\000i\000a\000t\000i\000o\000n}{chapter.5}% 51
\BOOKMARK [1][-]{section.5.4}{\376\377\000T\000h\000e\000\040\000t\000h\000r\000e\000e\000\040\000p\000h\000a\000s\000e\000s\000\040\000i\000n\000\040\000c\000o\000d\000e}{chapter.5}% 52
\BOOKMARK [2][-]{subsection.5.4.1}{\376\377\000P\000h\000a\000s\000e\000\040\0001\000\040\040\024\000\040\000i\000n\000i\000t\000i\000a\000l\000i\000s\000a\000t\000i\000o\000n}{section.5.4}% 53
\BOOKMARK [2][-]{subsection.5.4.2}{\376\377\000P\000h\000a\000s\000e\000\040\0002\000\040\040\024\000\040\000r\000e\000g\000i\000s\000t\000r\000a\000t\000i\000o\000n}{section.5.4}% 54
\BOOKMARK [2][-]{subsection.5.4.3}{\376\377\000P\000h\000a\000s\000e\000\040\0003\000\040\040\024\000\040\000m\000u\000t\000u\000a\000l\000\040\000a\000u\000t\000h\000e\000n\000t\000i\000c\000a\000t\000i\000o\000n}{section.5.4}% 55
\BOOKMARK [2][-]{subsection.5.4.4}{\376\377\000R\000o\000u\000t\000i\000n\000g\000\040\000w\000i\000t\000h\000\040\000f\000a\000l\000l\000b\000a\000c\000k}{section.5.4}% 56
\BOOKMARK [1][-]{section.5.5}{\376\377\000W\000h\000a\000t\000\040\000w\000a\000s\000\040\000w\000r\000o\000n\000g\000\040\000w\000i\000t\000h\000\040\000o\000u\000r\000\040\000f\000i\000r\000s\000t\000\040\000v\000e\000r\000s\000i\000o\000n}{chapter.5}% 57
\BOOKMARK [0][-]{chapter.6}{\376\377\000E\000n\000h\000a\000n\000c\000e\000m\000e\000n\000t\000s}{}% 58
\BOOKMARK [1][-]{section.6.1}{\376\377\000E\0001\000\040\040\024\000\040\000R\000e\000p\000l\000a\000c\000i\000n\000g\000\040\000X\000O\000R\000\040\000w\000i\000t\000h\000\040\000A\000E\000S\000-\0002\0005\0006\000-\000G\000C\000M}{chapter.6}% 59
\BOOKMARK [2][-]{subsection.6.1.1}{\376\377\000W\000h\000y\000\040\000t\000h\000e\000\040\000X\000O\000R\000\040\000c\000i\000p\000h\000e\000r\000\040\000h\000a\000d\000\040\000t\000o\000\040\000g\000o}{section.6.1}% 60
\BOOKMARK [2][-]{subsection.6.1.2}{\376\377\000W\000h\000a\000t\000\040\000A\000E\000S\000-\000G\000C\000M\000\040\000p\000r\000o\000v\000i\000d\000e\000s}{section.6.1}% 61
\BOOKMARK [2][-]{subsection.6.1.3}{\376\377\000T\000h\000e\000\040\000c\000o\000d\000e\000\040\000c\000h\000a\000n\000g\000e}{section.6.1}% 62
\BOOKMARK [1][-]{section.6.2}{\376\377\000E\0002\000\040\040\024\000\040\000T\000h\000e\000\040\000T\000h\000o\000r\000p\000\040\000a\000c\000o\000u\000s\000t\000i\000c\000\040\000a\000b\000s\000o\000r\000p\000t\000i\000o\000n\000\040\000m\000o\000d\000e\000l}{chapter.6}% 63
\BOOKMARK [1][-]{section.6.3}{\376\377\000E\0003\000\040\040\024\000\040\000P\000a\000c\000k\000e\000t\000\040\000l\000o\000s\000s\000\040\000w\000i\000t\000h\000\040\000r\000e\000t\000r\000a\000n\000s\000m\000i\000s\000s\000i\000o\000n}{chapter.6}% 64
\BOOKMARK [1][-]{section.6.4}{\376\377\000E\0004\000\040\040\024\000\040\000P\000e\000r\000-\000n\000o\000d\000e\000\040\000b\000a\000t\000t\000e\000r\000y\000\040\000d\000e\000p\000l\000e\000t\000i\000o\000n}{chapter.6}% 65
\BOOKMARK [1][-]{section.6.5}{\376\377\000E\0005\000\040\040\024\000\040\000A\000U\000V\000\040\000m\000o\000b\000i\000l\000i\000t\000y}{chapter.6}% 66
\BOOKMARK [1][-]{section.6.6}{\376\377\000E\0006\000\040\040\024\000\040\000A\000n\000o\000m\000a\000l\000y\000\040\000d\000e\000t\000e\000c\000t\000i\000o\000n\000\040\000o\000n\000\040\000t\000h\000e\000\040\000d\000e\000l\000a\000y\000\040\000s\000t\000r\000e\000a\000m}{chapter.6}% 67
\BOOKMARK [1][-]{section.6.7}{\376\377\000E\0007\000\040\040\024\000\040\000E\000x\000t\000e\000n\000d\000e\000d\000\040\000m\000e\000t\000r\000i\000c\000s\000\040\000a\000n\000d\000\040\000c\000o\000m\000p\000a\000r\000i\000s\000o\000n\000\040\000c\000h\000a\000r\000t\000s}{chapter.6}% 68
\BOOKMARK [0][-]{chapter.7}{\376\377\000F\000o\000r\000m\000a\000l\000\040\000V\000e\000r\000i\000f\000i\000c\000a\000t\000i\000o\000n\000\040\000w\000i\000t\000h\000\040\000S\000c\000y\000t\000h\000e\000r}{}% 69
\BOOKMARK [1][-]{section.7.1}{\376\377\000W\000h\000a\000t\000\040\000S\000c\000y\000t\000h\000e\000r\000\040\000d\000o\000e\000s}{chapter.7}% 70
\BOOKMARK [1][-]{section.7.2}{\376\377\000A\000t\000t\000e\000m\000p\000t\000\040\0001\000:\000\040\000t\000h\000e\000\040\000m\000o\000n\000o\000l\000i\000t\000h\000i\000c\000\040\000m\000o\000d\000e\000l\000,\000\040\000a\000n\000d\000\040\000w\000h\000y\000\040\000i\000t\000\040\000f\000a\000i\000l\000e\000d}{chapter.7}% 71
\BOOKMARK [1][-]{section.7.3}{\376\377\000A\000t\000t\000e\000m\000p\000t\000\040\0002\000:\000\040\000f\000o\000u\000r\000\040\000i\000n\000d\000e\000p\000e\000n\000d\000e\000n\000t\000\040\000N\000S\000L\000\040\000h\000o\000p\000s}{chapter.7}% 72
\BOOKMARK [2][-]{subsection.7.3.1}{\376\377\000T\000h\000e\000\040\000N\000e\000e\000d\000h\000a\000m\040\023\000S\000c\000h\000r\000o\000e\000d\000e\000r\040\023\000L\000o\000w\000e\000\040\000p\000a\000t\000t\000e\000r\000n}{section.7.3}% 73
\BOOKMARK [2][-]{subsection.7.3.2}{\376\377\000M\000e\000s\000s\000a\000g\000e\000\040\000t\000a\000g\000s}{section.7.3}% 74
\BOOKMARK [2][-]{subsection.7.3.3}{\376\377\000O\000n\000e\000\040\000h\000o\000p\000\040\000i\000n\000\040\000f\000u\000l\000l}{section.7.3}% 75
\BOOKMARK [1][-]{section.7.4}{\376\377\000V\000e\000r\000i\000f\000i\000c\000a\000t\000i\000o\000n\000\040\000r\000e\000s\000u\000l\000t\000s}{chapter.7}% 76
\BOOKMARK [1][-]{section.7.5}{\376\377\000R\000e\000a\000d\000i\000n\000g\000\040\000t\000h\000e\000\040\000r\000e\000s\000u\000l\000t\000\040\000c\000o\000r\000r\000e\000c\000t\000l\000y}{chapter.7}% 77
\BOOKMARK [1][-]{section.7.6}{\376\377\000A\000t\000t\000a\000c\000k\000s\000\040\000a\000d\000d\000r\000e\000s\000s\000e\000d\000,\000\040\000a\000n\000d\000\040\000b\000y\000\040\000w\000h\000a\000t}{chapter.7}% 78
\BOOKMARK [1][-]{section.7.7}{\376\377\000R\000e\000p\000r\000o\000d\000u\000c\000i\000n\000g\000\040\000t\000h\000e\000\040\000v\000e\000r\000i\000f\000i\000c\000a\000t\000i\000o\000n}{chapter.7}% 79
\BOOKMARK [0][-]{chapter.8}{\376\377\000R\000e\000s\000u\000l\000t\000s}{}% 80
\BOOKMARK [1][-]{section.8.1}{\376\377\000C\000o\000n\000s\000o\000l\000e\000\040\000o\000u\000t\000p\000u\000t}{chapter.8}% 81
\BOOKMARK [1][-]{section.8.2}{\376\377\000N\000e\000t\000w\000o\000r\000k\000\040\000t\000o\000p\000o\000l\000o\000g\000y\000\040\000a\000n\000d\000\040\000t\000h\000e\000\040\000r\000e\000c\000o\000v\000e\000r\000e\000d\000\040\000r\000o\000u\000t\000e}{chapter.8}% 82
\BOOKMARK [1][-]{section.8.3}{\376\377\000A\000u\000t\000h\000e\000n\000t\000i\000c\000a\000t\000i\000o\000n\000\040\000d\000e\000l\000a\000y}{chapter.8}% 83
\BOOKMARK [1][-]{section.8.4}{\376\377\000E\000n\000e\000r\000g\000y\000\040\000c\000o\000n\000s\000u\000m\000p\000t\000i\000o\000n}{chapter.8}% 84
\BOOKMARK [1][-]{section.8.5}{\376\377\000C\000o\000m\000m\000u\000n\000i\000c\000a\000t\000i\000o\000n\000\040\000c\000o\000s\000t}{chapter.8}% 85
\BOOKMARK [1][-]{section.8.6}{\376\377\000C\000o\000m\000p\000a\000r\000i\000s\000o\000n\000\040\000a\000g\000a\000i\000n\000s\000t\000\040\000p\000r\000i\000o\000r\000\040\000s\000c\000h\000e\000m\000e\000s}{chapter.8}% 86
\BOOKMARK [1][-]{section.8.7}{\376\377\000T\000h\000r\000o\000u\000g\000h\000p\000u\000t}{chapter.8}% 87
\BOOKMARK [1][-]{section.8.8}{\376\377\000B\000a\000t\000t\000e\000r\000y\000\040\000d\000e\000p\000l\000e\000t\000i\000o\000n}{chapter.8}% 88
\BOOKMARK [1][-]{section.8.9}{\376\377\000S\000u\000m\000m\000a\000r\000y\000\040\000o\000f\000\040\000m\000e\000a\000s\000u\000r\000e\000d\000\040\000r\000e\000s\000u\000l\000t\000s}{chapter.8}% 89
\BOOKMARK [0][-]{chapter.9}{\376\377\000D\000i\000s\000c\000u\000s\000s\000i\000o\000n\000,\000\040\000L\000i\000m\000i\000t\000a\000t\000i\000o\000n\000s\000\040\000a\000n\000d\000\040\000C\000o\000n\000c\000l\000u\000s\000i\000o\000n}{}% 90
\BOOKMARK [1][-]{section.9.1}{\376\377\000W\000h\000e\000r\000e\000\040\000o\000u\000r\000\040\000i\000m\000p\000l\000e\000m\000e\000n\000t\000a\000t\000i\000o\000n\000\040\000d\000i\000f\000f\000e\000r\000s\000\040\000f\000r\000o\000m\000\040\000t\000h\000e\000\040\000b\000a\000s\000e\000\040\000p\000a\000p\000e\000r}{chapter.9}% 91
\BOOKMARK [1][-]{section.9.2}{\376\377\000L\000i\000m\000i\000t\000a\000t\000i\000o\000n\000s}{chapter.9}% 92
\BOOKMARK [1][-]{section.9.3}{\376\377\000F\000u\000t\000u\000r\000e\000\040\000w\000o\000r\000k}{chapter.9}% 93
\BOOKMARK [1][-]{section.9.4}{\376\377\000C\000o\000n\000c\000l\000u\000s\000i\000o\000n}{chapter.9}% 94
\BOOKMARK [0][-]{section.9.4}{\376\377\000R\000e\000f\000e\000r\000e\000n\000c\000e\000s}{}% 95
